Processing argument './test_inputs/case9.txt'
Reading './test_inputs/case9.txt':
Student 'Studious Student' (0123456):

3 terms
Term F16:
    CIS1234	B 
    CIS1324	B+ (78 %)
    Term GPA : 3.15
Term W17:
    CIS2000	A- (81 %)
    CIS2222	B+ (78 %)
    Term GPA : 3.50
Term F18:
    CIS3210	A-
    CIS3333	B 
    Term GPA : 3.35

    Overall GPA : 3.33
